warning: in the working copy of 'content/v1.3.15/en/api/campaign-ext/IDataStore.md', CRLF will be replaced by LF the next time Git touches it
warning: in the working copy of 'content/v1.3.15/en/api/campaign-ext/MBObjectBase.md', CRLF will be replaced by LF the next time Git touches it
warning: in the working copy of 'content/v1.3.15/en/api/campaign/MobileParty.md', CRLF will be replaced by LF the next time Git touches it
warning: in the working copy of 'content/v1.3.15/en/api/campaign/PartyBase.md', CRLF will be replaced by LF the next time Git touches it
warning: in the working copy of 'content/v1.3.15/en/api/campaign/Town.md', CRLF will be replaced by LF the next time Git touches it
warning: in the working copy of 'content/v1.3.15/en/api/core-extra/ItemObject.md', CRLF will be replaced by LF the next time Git touches it
warning: in the working copy of 'content/v1.3.15/en/api/core/ItemObject.md', CRLF will be replaced by LF the next time Git touches it
warning: in the working copy of 'content/v1.3.15/en/architecture/crash-boundaries.md', CRLF will be replaced by LF the next time Git touches it
warning: in the working copy of 'content/v1.3.15/zh/api/campaign-ext/IDataStore.md', CRLF will be replaced by LF the next time Git touches it
warning: in the working copy of 'content/v1.3.15/zh/api/campaign-ext/MBObjectBase.md', CRLF will be replaced by LF the next time Git touches it
warning: in the working copy of 'content/v1.3.15/zh/api/campaign-ext/TroopRoster.md', CRLF will be replaced by LF the next time Git touches it
warning: in the working copy of 'content/v1.3.15/zh/api/campaign/CharacterObject.md', CRLF will be replaced by LF the next time Git touches it
warning: in the working copy of 'content/v1.3.15/zh/api/campaign/Kingdom.md', CRLF will be replaced by LF the next time Git touches it
warning: in the working copy of 'content/v1.3.15/zh/api/campaign/MobileParty.md', CRLF will be replaced by LF the next time Git touches it
warning: in the working copy of 'content/v1.3.15/zh/api/core/ItemObject.md', CRLF will be replaced by LF the next time Git touches it
warning: in the working copy of 'content/v1.3.15/zh/api/localization/TextObject.md', CRLF will be replaced by LF the next time Git touches it
warning: in the working copy of 'content/v1.3.15/zh/architecture/crash-boundaries.md', CRLF will be replaced by LF the next time Git touches it
warning: in the working copy of 'content/v1.4.5/en/api/campaign-ext/ChangeRelationAction.md', CRLF will be replaced by LF the next time Git touches it
warning: in the working copy of 'content/v1.4.5/en/api/campaign/PartyBase.md', CRLF will be replaced by LF the next time Git touches it
warning: in the working copy of 'content/v1.4.5/en/api/campaign/Workshop.md', CRLF will be replaced by LF the next time Git touches it
warning: in the working copy of 'content/v1.4.5/en/api/campaign/_index.md', CRLF will be replaced by LF the next time Git touches it
warning: in the working copy of 'content/v1.4.5/en/api/core-extra/Equipment.md', CRLF will be replaced by LF the next time Git touches it
warning: in the working copy of 'content/v1.4.5/en/api/core-extra/ItemObject.md', CRLF will be replaced by LF the next time Git touches it
warning: in the working copy of 'content/v1.4.5/en/api/core-extra/SkillObject.md', CRLF will be replaced by LF the next time Git touches it
warning: in the working copy of 'content/v1.4.5/en/api/localization/TextObject.md', CRLF will be replaced by LF the next time Git touches it
warning: in the working copy of 'content/v1.4.5/en/api/mission-ext/MissionNetworkComponent.md', CRLF will be replaced by LF the next time Git touches it
warning: in the working copy of 'content/v1.4.5/en/api/mission-ext/UsableMachine.md', CRLF will be replaced by LF the next time Git touches it
warning: in the working copy of 'content/v1.4.5/zh/api/campaign-ext/DefaultSettlementFoodModel.md', CRLF will be replaced by LF the next time Git touches it
warning: in the working copy of 'content/v1.4.5/zh/api/campaign-ext/DefaultSettlementGarrisonModel.md', CRLF will be replaced by LF the next time Git touches it
warning: in the working copy of 'content/v1.4.5/zh/api/campaign-ext/DefaultSettlementLoyaltyModel.md', CRLF will be replaced by LF the next time Git touches it
warning: in the working copy of 'content/v1.4.5/zh/api/campaign-ext/DefaultSettlementPatrolModel.md', CRLF will be replaced by LF the next time Git touches it
warning: in the working copy of 'content/v1.4.5/zh/api/campaign-ext/DefaultSettlementSecurityModel.md', CRLF will be replaced by LF the next time Git touches it
warning: in the working copy of 'content/v1.4.5/zh/api/campaign-ext/IDataStore.md', CRLF will be replaced by LF the next time Git touches it
warning: in the working copy of 'content/v1.4.5/zh/api/campaign-ext/MBObjectBase.md', CRLF will be replaced by LF the next time Git touches it
warning: in the working copy of 'content/v1.4.5/zh/api/campaign-ext/TroopRoster.md', CRLF will be replaced by LF the next time Git touches it
warning: in the working copy of 'content/v1.4.5/zh/api/campaign/CharacterObject.md', CRLF will be replaced by LF the next time Git touches it
warning: in the working copy of 'content/v1.4.5/zh/api/campaign/ClanFinanceModel.md', CRLF will be replaced by LF the next time Git touches it
warning: in the working copy of 'content/v1.4.5/zh/api/campaign/DiplomacyModel.md', CRLF will be replaced by LF the next time Git touches it
warning: in the working copy of 'content/v1.4.5/zh/api/campaign/Hero.md', CRLF will be replaced by LF the next time Git touches it
warning: in the working copy of 'content/v1.4.5/zh/api/core-extra/Equipment.md', CRLF will be replaced by LF the next time Git touches it
warning: in the working copy of 'content/v1.4.5/zh/api/core-extra/ItemObject.md', CRLF will be replaced by LF the next time Git touches it
warning: in the working copy of 'content/v1.4.5/zh/api/core-extra/SkillObject.md', CRLF will be replaced by LF the next time Git touches it
warning: in the working copy of 'content/v1.4.5/zh/api/core/ItemObject.md', CRLF will be replaced by LF the next time Git touches it
warning: in the working copy of 'content/v1.4.5/zh/api/core/MBObjectBase.md', CRLF will be replaced by LF the next time Git touches it
warning: in the working copy of 'content/v1.4.5/zh/api/localization/TextObject.md', CRLF will be replaced by LF the next time Git touches it
